[36mvite v5.4.10 [32mbuilding for production...[36m[39m
transforming...
node.exe : Browserslist: browsers data 
(caniuse-lite) is 18 months old. Please run:
At line:1 char:1
+ & "C:\Program Files\nodejs/node.exe" 
"C:\Program Files\nodejs/node_mo ...
+ ~~~~~~~~~~~~~~~~~~~~~~~~~~~~~~~~~~~~~~~~~~~~~
~~~~~~~~~~~~~~~~~~~~~~~~
    + CategoryInfo          : NotSpecified: (B 
   rowserslist: b...ld. Please run::String) [  
  ], RemoteException
    + FullyQualifiedErrorId : NativeCommandErr 
   or
 
  npx update-browserslist-db@latest
  Why you should do it regularly: https://githu
b.com/browserslist/update-db#readme
[32mΓ£ô[39m 2159 modules transformed.
rendering chunks...
computing gzip size...
[2mdist/[22m[32mindex.html                           [39m[1m[2m    1.50 kB[22m[1m[22m[2m Γöé gzip:   0.66 kB[22m
[2mdist/[22m[32massets/ip-portfolio-bg-WMU6Y-v2.jpg  [39m[1m[2m   92.43 kB[22m[1m[22m
[2mdist/[22m[32massets/services-bg-C7_Ft4jz.jpg      [39m[1m[2m  105.23 kB[22m[1m[22m
[2mdist/[22m[32massets/hero-image-BCBAJJD0.jpg       [39m[1m[2m  156.20 kB[22m[1m[22m
[2mdist/[22m[35massets/index-p0lR0pt_.css            [39m[1m[2m  103.15 kB[22m[1m[22m[2m Γöé gzip:  17.06 kB[22m
[2mdist/[22m[36massets/index-C_lO657p.js             [39m[1m[33m1,065.54 kB[39m[22m[2m Γöé gzip: 281.71 kB[22m
[33m
(!) Some chunks are larger than 500 kB after 
minification. Consider:
- Using dynamic import() to code-split the 
application
- Use build.rollupOptions.output.manualChunks 
to improve chunking: https://rollupjs.org/confi
guration-options/#output-manualchunks
- Adjust chunk size limit for this warning via 
build.chunkSizeWarningLimit.[39m
[32mΓ£ô built in 1m 4s[39m
